Settings
  { settingSeed = FixedSeed 42
  , settingRandomiseExecutionOrder = True
  , settingThreads = ByCapabilities
  , settingMaxSuccess = 100
  , settingMaxSize = 100
  , settingMaxDiscard = 10
  , settingMaxShrinks = 100
  , settingGoldenStart = False
  , settingGoldenReset = False
  , settingColour = Nothing
  , settingFilters = []
  , settingFailFast = False
  , settingIterations = OneIteration
  , settingTimeout = TimeoutAfterMicros 60000000
  , settingRetries = 3
  , settingFailOnFlaky = False
  , settingSkipPassed = False
  , settingReportFile = Nothing
  , settingReportProgress = ReportNoProgress
  , settingProfile = False
  }