[34mTests:[m




  Passed:                       [32m0[m
  Failed:                       [32m0[m
  Sum of test runtimes:[33m         0.00 seconds[m
  Test suite took:     [33m         0.00 seconds[m

